
  [32m[1mVITE[22m v8.0.16[39m  [2mready in [0m[1m326[22m[2m[0m ms[22m

  [32m➜[39m  [1mLocal[22m:   [36mhttp://localhost:[1m5173[22m/[39m
  [32m➜[39m  [1mNetwork[22m: [36mhttp://169.254.108.235:[1m5173[22m/[39m
  [32m➜[39m  [1mNetwork[22m: [36mhttp://192.168.225.1:[1m5173[22m/[39m
  [32m➜[39m  [1mNetwork[22m: [36mhttp://10.115.71.202:[1m5173[22m/[39m
[2m[32m  ➜[39m[22m[2m  press [22m[1mh + enter[22m[2m to show help[22m
[2m11:00:25[22m [36m[1m[vite][22m[39m [90m[2m(client)[22m[39m [32mhmr update [39m[2m/src/views/ChatAgentView.vue, /src/styles/tailwind.css[22m
[2m11:00:45[22m [36m[1m[vite][22m[39m [90m[2m(client)[22m[39m [32mhmr update [39m[2m/src/views/ChatAgentView.vue, /src/styles/tailwind.css[22m
[2m11:01:00[22m [36m[1m[vite][22m[39m [90m[2m(client)[22m[39m [32mhmr update [39m[2m/src/views/ChatAgentView.vue, /src/styles/tailwind.css[22m
[2m11:01:18[22m [36m[1m[vite][22m[39m [90m[2m(client)[22m[39m [32mhmr update [39m[2m/src/views/ChatAgentView.vue, /src/styles/tailwind.css[22m
[2m11:01:36[22m [36m[1m[vite][22m[39m [90m[2m(client)[22m[39m [32mhmr update [39m[2m/src/views/ChatAgentView.vue, /src/styles/tailwind.css[22m
[2m11:08:32[22m [31m[1m[vite][22m[39m [31mhttp proxy error: /api/agent/chat?message=%E6%88%91%E7%9A%84%E8%B4%A6%E6%88%B7%E4%BD%99%E9%A2%9D%E6%98%AF%E5%A4%9A%E5%B0%91&userId=6&role=MEMBER[39m
Error: read ECONNRESET
    at TCP.onStreamRead (node:internal/stream_base_commons:216:20)
[2m11:11:32[22m [31m[1m[vite][22m[39m [31mhttp proxy error: /api/chat/unread?userId=6[39m
AggregateError [ECONNREFUSED]: 
    at internalConnectMultiple (node:net:1142:49)
    at afterConnectMultiple (node:net:1723:7)
[2m11:11:32[22m [31m[1m[vite][22m[39m [31mhttp proxy error: /api/notification/unread?userId=6[39m
AggregateError [ECONNREFUSED]: 
    at internalConnectMultiple (node:net:1142:49)
    at afterConnectMultiple (node:net:1723:7)
[2m11:12:03[22m [31m[1m[vite][22m[39m [31mhttp proxy error: /api/chat/unread?userId=6[39m
AggregateError [ECONNREFUSED]: 
    at internalConnectMultiple (node:net:1142:49)
    at afterConnectMultiple (node:net:1723:7)
[2m11:12:03[22m [31m[1m[vite][22m[39m [31mhttp proxy error: /api/notification/unread?userId=6[39m
AggregateError [ECONNREFUSED]: 
    at internalConnectMultiple (node:net:1142:49)
    at afterConnectMultiple (node:net:1723:7)
[2m11:12:22[22m [31m[1m[vite][22m[39m [31mhttp proxy error: /api/chat/unread?userId=6[39m
AggregateError [ECONNREFUSED]: 
    at internalConnectMultiple (node:net:1142:49)
    at afterConnectMultiple (node:net:1723:7)
[2m11:12:22[22m [31m[1m[vite][22m[39m [31mhttp proxy error: /api/notification/unread?userId=6[39m
AggregateError [ECONNREFUSED]: 
    at internalConnectMultiple (node:net:1142:49)
    at afterConnectMultiple (node:net:1723:7)
[2m11:12:52[22m [31m[1m[vite][22m[39m [31mhttp proxy error: /api/chat/unread?userId=6[39m
AggregateError [ECONNREFUSED]: 
    at internalConnectMultiple (node:net:1142:49)
    at afterConnectMultiple (node:net:1723:7)
[2m11:12:52[22m [31m[1m[vite][22m[39m [31mhttp proxy error: /api/notification/unread?userId=6[39m
AggregateError [ECONNREFUSED]: 
    at internalConnectMultiple (node:net:1142:49)
    at afterConnectMultiple (node:net:1723:7)
[2m11:13:46[22m [31m[1m[vite][22m[39m [31mhttp proxy error: /api/chat/unread?userId=6[39m
AggregateError [ECONNREFUSED]: 
    at internalConnectMultiple (node:net:1142:49)
    at afterConnectMultiple (node:net:1723:7)
[2m11:13:46[22m [31m[1m[vite][22m[39m [31mhttp proxy error: /api/notification/unread?userId=6[39m
AggregateError [ECONNREFUSED]: 
    at internalConnectMultiple (node:net:1142:49)
    at afterConnectMultiple (node:net:1723:7)
[2m11:15:46[22m [31m[1m[vite][22m[39m [31mhttp proxy error: /api/chat/unread?userId=6[39m
AggregateError [ECONNREFUSED]: 
    at internalConnectMultiple (node:net:1142:49)
    at afterConnectMultiple (node:net:1723:7)
[2m11:15:46[22m [31m[1m[vite][22m[39m [31mhttp proxy error: /api/notification/unread?userId=6[39m
AggregateError [ECONNREFUSED]: 
    at internalConnectMultiple (node:net:1142:49)
    at afterConnectMultiple (node:net:1723:7)
[2m11:24:58[22m [36m[1m[vite][22m[39m [90m[2m(client)[22m[39m [32mhmr update [39m[2m/src/views/ChatAgentView.vue, /src/styles/tailwind.css[22m
