[INFO] Scanning for projects...
[INFO] 
[INFO] -------------------< com.zhixun:zhixun-erp-backend >--------------------
[INFO] Building zhixun-erp-backend 0.0.1-SNAPSHOT
[INFO] --------------------------------[ jar ]---------------------------------
[INFO] 
[INFO] >>> spring-boot-maven-plugin:3.3.6:run (default-cli) > test-compile @ zhixun-erp-backend >>>
[INFO] 
[INFO] --- maven-resources-plugin:3.3.1:resources (default-resources) @ zhixun-erp-backend ---
[INFO] Copying 1 resource from src\main\resources to target\classes
[INFO] Copying 1 resource from src\main\resources to target\classes
[INFO] 
[INFO] --- maven-compiler-plugin:3.13.0:compile (default-compile) @ zhixun-erp-backend ---
[INFO] Nothing to compile - all classes are up to date.
[INFO] 
[INFO] --- maven-resources-plugin:3.3.1:testResources (default-testResources) @ zhixun-erp-backend ---
[INFO] skip non existing resourceDirectory D:\Project\Github\WorkForSports\backend\src\test\resources
[INFO] 
[INFO] --- maven-compiler-plugin:3.13.0:testCompile (default-testCompile) @ zhixun-erp-backend ---
[INFO] No sources to compile
[INFO] 
[INFO] <<< spring-boot-maven-plugin:3.3.6:run (default-cli) < test-compile @ zhixun-erp-backend <<<
[INFO] 
[INFO] 
[INFO] --- spring-boot-maven-plugin:3.3.6:run (default-cli) @ zhixun-erp-backend ---
[INFO] Attaching agents: []

  .   ____          _            __ _ _
 /\\ / ___'_ __ _ _(_)_ __  __ _ \ \ \ \
( ( )\___ | '_ | '_| | '_ \/ _` | \ \ \ \
 \\/  ___)| |_)| | | | | || (_| |  ) ) ) )
  '  |____| .__|_| |_|_| |_\__, | / / / /
 =========|_|==============|___/=/_/_/_/

 :: Spring Boot ::                (v3.3.6)

2026-06-18T19:01:00.740+08:00  INFO 43812 --- [zhixun-erp-backend] [  restartedMain] com.zhixun.erp.ZhixunErpApplication      : Starting ZhixunErpApplication using Java 17 with PID 43812 (D:\Project\Github\WorkForSports\backend\target\classes started by fzq11 in D:\Project\Github\WorkForSports\backend)
2026-06-18T19:01:00.747+08:00  INFO 43812 --- [zhixun-erp-backend] [  restartedMain] com.zhixun.erp.ZhixunErpApplication      : No active profile set, falling back to 1 default profile: "default"
2026-06-18T19:01:00.806+08:00  INFO 43812 --- [zhixun-erp-backend] [  restartedMain] .e.DevToolsPropertyDefaultsPostProcessor : Devtools property defaults active! Set 'spring.devtools.add-properties' to 'false' to disable
2026-06-18T19:01:00.807+08:00  INFO 43812 --- [zhixun-erp-backend] [  restartedMain] .e.DevToolsPropertyDefaultsPostProcessor : For additional web related logging consider setting the 'logging.level.web' property to 'DEBUG'
2026-06-18T19:01:02.615+08:00  INFO 43812 --- [zhixun-erp-backend] [  restartedMain] o.s.b.w.embedded.tomcat.TomcatWebServer  : Tomcat initialized with port 8080 (http)
2026-06-18T19:01:02.633+08:00  INFO 43812 --- [zhixun-erp-backend] [  restartedMain] o.apache.catalina.core.StandardService   : Starting service [Tomcat]
2026-06-18T19:01:02.633+08:00  INFO 43812 --- [zhixun-erp-backend] [  restartedMain] o.apache.catalina.core.StandardEngine    : Starting Servlet engine: [Apache Tomcat/10.1.33]
2026-06-18T19:01:02.702+08:00  INFO 43812 --- [zhixun-erp-backend] [  restartedMain] o.a.c.c.C.[Tomcat].[localhost].[/api]    : Initializing Spring embedded WebApplicationContext
2026-06-18T19:01:02.703+08:00  INFO 43812 --- [zhixun-erp-backend] [  restartedMain] w.s.c.ServletWebServerApplicationContext : Root WebApplicationContext: initialization completed in 1894 ms
2026-06-18T19:01:03.149+08:00  INFO 43812 --- [zhixun-erp-backend] [  restartedMain] com.alibaba.druid.pool.DruidDataSource   : {dataSource-1} inited
Logging initialized using 'class org.apache.ibatis.logging.stdout.StdOutImpl' adapter.
Get /10.114.81.118 network interface 
Get network interface info: name:wlan2 (Intel(R) Wi-Fi 6 AX201 160MHz)
Initialization Sequence datacenterId:2 workerId:8
 _ _   |_  _ _|_. ___ _ |    _ 
| | |\/|_)(_| | |_\  |_)||_|_\ 
     /               |         
                        3.5.9 
2026-06-18T19:01:06.136+08:00  INFO 43812 --- [zhixun-erp-backend] [  restartedMain] o.s.b.d.a.OptionalLiveReloadServer       : LiveReload server is running on port 35729
2026-06-18T19:01:06.186+08:00  INFO 43812 --- [zhixun-erp-backend] [  restartedMain] o.s.b.w.embedded.tomcat.TomcatWebServer  : Tomcat started on port 8080 (http) with context path '/api'
2026-06-18T19:01:06.196+08:00  INFO 43812 --- [zhixun-erp-backend] [  restartedMain] com.zhixun.erp.ZhixunErpApplication      : Started ZhixunErpApplication in 5.983 seconds (process running for 6.486)
2026-06-18T21:13:28.117+08:00  INFO 43812 --- [zhixun-erp-backend] [nio-8080-exec-5] o.a.c.c.C.[Tomcat].[localhost].[/api]    : Initializing Spring DispatcherServlet 'dispatcherServlet'
2026-06-18T21:13:28.117+08:00  INFO 43812 --- [zhixun-erp-backend] [nio-8080-exec-5] o.s.web.servlet.DispatcherServlet        : Initializing Servlet 'dispatcherServlet'
2026-06-18T21:13:28.119+08:00  INFO 43812 --- [zhixun-erp-backend] [nio-8080-exec-5] o.s.web.servlet.DispatcherServlet        : Completed initialization in 1 ms
Creating a new SqlSession
Creating a new SqlSession
Creating a new SqlSession
SqlSession [org.apache.ibatis.session.defaults.DefaultSqlSession@33c365b8] was not registered for synchronization because synchronization is not active
SqlSession [org.apache.ibatis.session.defaults.DefaultSqlSession@6cf6c83b] was not registered for synchronization because synchronization is not active
SqlSession [org.apache.ibatis.session.defaults.DefaultSqlSession@78162b57] was not registered for synchronization because synchronization is not active
JDBC Connection [com.alibaba.druid.pool.DruidStatementConnection@17606982] will not be managed by Spring
JDBC Connection [com.alibaba.druid.pool.DruidStatementConnection@42e5dea3] will not be managed by Spring
JDBC Connection [com.alibaba.druid.pool.DruidStatementConnection@498bace7] will not be managed by Spring
==>  Preparing: SELECT id,conversation_id,user_id,joined_at,deleted FROM chat_conversation_member WHERE deleted=0 AND (user_id = ?)
==>  Preparing: SELECT COUNT( * ) AS total FROM notification WHERE deleted=0 AND (user_id = ? AND is_read = ?)
==>  Preparing: SELECT id,conversation_id,user_id,joined_at,deleted FROM chat_conversation_member WHERE deleted=0 AND (user_id = ?)
==> Parameters: 5(Long)
==> Parameters: 5(Long), 0(Integer)
==> Parameters: 5(Long)
<==      Total: 0
<==      Total: 0
<==    Columns: total
<==        Row: 0
<==      Total: 1
Closing non transactional SqlSession [org.apache.ibatis.session.defaults.DefaultSqlSession@78162b57]
Closing non transactional SqlSession [org.apache.ibatis.session.defaults.DefaultSqlSession@6cf6c83b]
Closing non transactional SqlSession [org.apache.ibatis.session.defaults.DefaultSqlSession@33c365b8]
Creating a new SqlSession
Creating a new SqlSession
SqlSession [org.apache.ibatis.session.defaults.DefaultSqlSession@5a355a82] was not registered for synchronization because synchronization is not active
Creating a new SqlSession
SqlSession [org.apache.ibatis.session.defaults.DefaultSqlSession@2bce76bf] was not registered for synchronization because synchronization is not active
SqlSession [org.apache.ibatis.session.defaults.DefaultSqlSession@1b8806e] was not registered for synchronization because synchronization is not active
JDBC Connection [com.alibaba.druid.pool.DruidStatementConnection@42e5dea3] will not be managed by Spring
JDBC Connection [com.alibaba.druid.pool.DruidStatementConnection@17606982] will not be managed by Spring
==>  Preparing: INSERT INTO sys_log ( user_id, username, role, operation, method, params, ip, create_time ) VALUES ( ?, ?, ?, ?, ?, ?, ?, ? )
==>  Preparing: INSERT INTO sys_log ( user_id, username, role, operation, method, params, ip, create_time ) VALUES ( ?, ?, ?, ?, ?, ?, ?, ? )
JDBC Connection [com.alibaba.druid.pool.DruidStatementConnection@498bace7] will not be managed by Spring
==>  Preparing: INSERT INTO sys_log ( user_id, username, role, operation, method, params, ip, create_time ) VALUES ( ?, ?, ?, ?, ?, ?, ?, ? )
==> Parameters: 5(Long), chx(String), COACH(String), 查询系统(String), GET ChatController.getUnreadCount(..)(String), [5](String), 0:0:0:0:0:0:0:1(String), 2026-06-18T21:13:28.387307700(LocalDateTime)
==> Parameters: 5(Long), chx(String), COACH(String), 查询系统(String), GET NotificationController.getUnreadCount(..)(String), [5](String), 0:0:0:0:0:0:0:1(String), 2026-06-18T21:13:28.387307700(LocalDateTime)
==> Parameters: 5(Long), chx(String), COACH(String), 查询系统(String), GET ChatController.getConversationsByType(..)(String), [5,"GROUP"](String), 0:0:0:0:0:0:0:1(String), 2026-06-18T21:13:28.387307700(LocalDateTime)
<==    Updates: 1
<==    Updates: 1
<==    Updates: 1
Closing non transactional SqlSession [org.apache.ibatis.session.defaults.DefaultSqlSession@2bce76bf]
Closing non transactional SqlSession [org.apache.ibatis.session.defaults.DefaultSqlSession@5a355a82]
Closing non transactional SqlSession [org.apache.ibatis.session.defaults.DefaultSqlSession@1b8806e]
Creating a new SqlSession
SqlSession [org.apache.ibatis.session.defaults.DefaultSqlSession@46968e2f] was not registered for synchronization because synchronization is not active
JDBC Connection [com.alibaba.druid.pool.DruidStatementConnection@498bace7] will not be managed by Spring
==>  Preparing: SELECT id,conversation_id,user_id,joined_at,deleted FROM chat_conversation_member WHERE deleted=0 AND (user_id = ?)
==> Parameters: 5(Long)
<==      Total: 0
Closing non transactional SqlSession [org.apache.ibatis.session.defaults.DefaultSqlSession@46968e2f]
Creating a new SqlSession
SqlSession [org.apache.ibatis.session.defaults.DefaultSqlSession@7bf97242] was not registered for synchronization because synchronization is not active
JDBC Connection [com.alibaba.druid.pool.DruidStatementConnection@498bace7] will not be managed by Spring
==>  Preparing: INSERT INTO sys_log ( user_id, username, role, operation, method, params, ip, create_time ) VALUES ( ?, ?, ?, ?, ?, ?, ?, ? )
==> Parameters: 5(Long), chx(String), COACH(String), 查询系统(String), GET ChatController.getConversationsByType(..)(String), [5,"PRIVATE"](String), 0:0:0:0:0:0:0:1(String), 2026-06-18T21:13:29.025571900(LocalDateTime)
<==    Updates: 1
Closing non transactional SqlSession [org.apache.ibatis.session.defaults.DefaultSqlSession@7bf97242]
Creating a new SqlSession
SqlSession [org.apache.ibatis.session.defaults.DefaultSqlSession@21a50789] was not registered for synchronization because synchronization is not active
JDBC Connection [com.alibaba.druid.pool.DruidStatementConnection@498bace7] will not be managed by Spring
==>  Preparing: SELECT COUNT(*) AS total FROM chat_friend_request WHERE deleted = 0 AND (to_user_id = ?)
==> Parameters: 5(Long)
<==    Columns: total
<==        Row: 0
<==      Total: 1
Closing non transactional SqlSession [org.apache.ibatis.session.defaults.DefaultSqlSession@21a50789]
Creating a new SqlSession
SqlSession [org.apache.ibatis.session.defaults.DefaultSqlSession@25119b46] was not registered for synchronization because synchronization is not active
JDBC Connection [com.alibaba.druid.pool.DruidStatementConnection@498bace7] will not be managed by Spring
==>  Preparing: INSERT INTO sys_log ( user_id, username, role, operation, method, params, ip, create_time ) VALUES ( ?, ?, ?, ?, ?, ?, ?, ? )
==> Parameters: 5(Long), chx(String), COACH(String), 查询系统(String), GET FriendController.getMyRequests(..)(String), [5,null,1,10](String), 0:0:0:0:0:0:0:1(String), 2026-06-18T21:13:29.753634700(LocalDateTime)
<==    Updates: 1
Closing non transactional SqlSession [org.apache.ibatis.session.defaults.DefaultSqlSession@25119b46]
Creating a new SqlSession
SqlSession [org.apache.ibatis.session.defaults.DefaultSqlSession@558541ee] was not registered for synchronization because synchronization is not active
JDBC Connection [com.alibaba.druid.pool.DruidStatementConnection@498bace7] will not be managed by Spring
==>  Preparing: SELECT id,conversation_id,user_id,joined_at,deleted FROM chat_conversation_member WHERE deleted=0 AND (user_id = ?)
==> Parameters: 5(Long)
<==      Total: 0
Closing non transactional SqlSession [org.apache.ibatis.session.defaults.DefaultSqlSession@558541ee]
Creating a new SqlSession
SqlSession [org.apache.ibatis.session.defaults.DefaultSqlSession@1a7fbf15] was not registered for synchronization because synchronization is not active
JDBC Connection [com.alibaba.druid.pool.DruidStatementConnection@498bace7] will not be managed by Spring
==>  Preparing: INSERT INTO sys_log ( user_id, username, role, operation, method, params, ip, create_time ) VALUES ( ?, ?, ?, ?, ?, ?, ?, ? )
==> Parameters: 5(Long), chx(String), COACH(String), 查询系统(String), GET ChatController.getConversationsByType(..)(String), [5,"GROUP"](String), 0:0:0:0:0:0:0:1(String), 2026-06-18T21:13:30.693370300(LocalDateTime)
<==    Updates: 1
Closing non transactional SqlSession [org.apache.ibatis.session.defaults.DefaultSqlSession@1a7fbf15]
Creating a new SqlSession
SqlSession [org.apache.ibatis.session.defaults.DefaultSqlSession@1c07d5a4] was not registered for synchronization because synchronization is not active
JDBC Connection [com.alibaba.druid.pool.DruidStatementConnection@498bace7] will not be managed by Spring
==>  Preparing: SELECT id,conversation_id,user_id,joined_at,deleted FROM chat_conversation_member WHERE deleted=0 AND (user_id = ?)
==> Parameters: 5(Long)
<==      Total: 0
Closing non transactional SqlSession [org.apache.ibatis.session.defaults.DefaultSqlSession@1c07d5a4]
Creating a new SqlSession
SqlSession [org.apache.ibatis.session.defaults.DefaultSqlSession@53fd326f] was not registered for synchronization because synchronization is not active
JDBC Connection [com.alibaba.druid.pool.DruidStatementConnection@498bace7] will not be managed by Spring
==>  Preparing: INSERT INTO sys_log ( user_id, username, role, operation, method, params, ip, create_time ) VALUES ( ?, ?, ?, ?, ?, ?, ?, ? )
==> Parameters: 5(Long), chx(String), COACH(String), 查询系统(String), GET ChatController.getConversationsByType(..)(String), [5,"PRIVATE"](String), 0:0:0:0:0:0:0:1(String), 2026-06-18T21:13:31.900811500(LocalDateTime)
<==    Updates: 1
Closing non transactional SqlSession [org.apache.ibatis.session.defaults.DefaultSqlSession@53fd326f]
Creating a new SqlSession
SqlSession [org.apache.ibatis.session.defaults.DefaultSqlSession@61e9ae5d] was not registered for synchronization because synchronization is not active
JDBC Connection [com.alibaba.druid.pool.DruidStatementConnection@498bace7] will not be managed by Spring
==>  Preparing: SELECT COUNT(*) AS total FROM chat_friend_request WHERE deleted = 0 AND (to_user_id = ?)
==> Parameters: 5(Long)
<==    Columns: total
<==        Row: 0
<==      Total: 1
Closing non transactional SqlSession [org.apache.ibatis.session.defaults.DefaultSqlSession@61e9ae5d]
Creating a new SqlSession
SqlSession [org.apache.ibatis.session.defaults.DefaultSqlSession@2a49ef2] was not registered for synchronization because synchronization is not active
JDBC Connection [com.alibaba.druid.pool.DruidStatementConnection@498bace7] will not be managed by Spring
==>  Preparing: INSERT INTO sys_log ( user_id, username, role, operation, method, params, ip, create_time ) VALUES ( ?, ?, ?, ?, ?, ?, ?, ? )
==> Parameters: 5(Long), chx(String), COACH(String), 查询系统(String), GET FriendController.getMyRequests(..)(String), [5,null,1,10](String), 0:0:0:0:0:0:0:1(String), 2026-06-18T21:13:32.183832100(LocalDateTime)
<==    Updates: 1
Closing non transactional SqlSession [org.apache.ibatis.session.defaults.DefaultSqlSession@2a49ef2]
Creating a new SqlSession
SqlSession [org.apache.ibatis.session.defaults.DefaultSqlSession@442d071] was not registered for synchronization because synchronization is not active
JDBC Connection [com.alibaba.druid.pool.DruidStatementConnection@498bace7] will not be managed by Spring
==>  Preparing: SELECT id,conversation_id,user_id,joined_at,deleted FROM chat_conversation_member WHERE deleted=0 AND (user_id = ?)
==> Parameters: 5(Long)
<==      Total: 0
Closing non transactional SqlSession [org.apache.ibatis.session.defaults.DefaultSqlSession@442d071]
Creating a new SqlSession
SqlSession [org.apache.ibatis.session.defaults.DefaultSqlSession@7a39282e] was not registered for synchronization because synchronization is not active
JDBC Connection [com.alibaba.druid.pool.DruidStatementConnection@498bace7] will not be managed by Spring
==>  Preparing: INSERT INTO sys_log ( user_id, username, role, operation, method, params, ip, create_time ) VALUES ( ?, ?, ?, ?, ?, ?, ?, ? )
==> Parameters: 5(Long), chx(String), COACH(String), 查询系统(String), GET ChatController.getConversationsByType(..)(String), [5,"GROUP"](String), 0:0:0:0:0:0:0:1(String), 2026-06-18T21:13:33.215888900(LocalDateTime)
<==    Updates: 1
Closing non transactional SqlSession [org.apache.ibatis.session.defaults.DefaultSqlSession@7a39282e]
Creating a new SqlSession
SqlSession [org.apache.ibatis.session.defaults.DefaultSqlSession@31d52481] was not registered for synchronization because synchronization is not active
JDBC Connection [com.alibaba.druid.pool.DruidStatementConnection@498bace7] will not be managed by Spring
==>  Preparing: SELECT id,conversation_id,user_id,joined_at,deleted FROM chat_conversation_member WHERE deleted=0 AND (user_id = ?)
==> Parameters: 5(Long)
<==      Total: 0
Closing non transactional SqlSession [org.apache.ibatis.session.defaults.DefaultSqlSession@31d52481]
Creating a new SqlSession
SqlSession [org.apache.ibatis.session.defaults.DefaultSqlSession@3f12cccb] was not registered for synchronization because synchronization is not active
JDBC Connection [com.alibaba.druid.pool.DruidStatementConnection@498bace7] will not be managed by Spring
==>  Preparing: INSERT INTO sys_log ( user_id, username, role, operation, method, params, ip, create_time ) VALUES ( ?, ?, ?, ?, ?, ?, ?, ? )
==> Parameters: 5(Long), chx(String), COACH(String), 查询系统(String), GET ChatController.getConversationsByType(..)(String), [5,"PRIVATE"](String), 0:0:0:0:0:0:0:1(String), 2026-06-18T21:13:36.030341400(LocalDateTime)
<==    Updates: 1
Closing non transactional SqlSession [org.apache.ibatis.session.defaults.DefaultSqlSession@3f12cccb]
Creating a new SqlSession
SqlSession [org.apache.ibatis.session.defaults.DefaultSqlSession@5336406d] was not registered for synchronization because synchronization is not active
JDBC Connection [com.alibaba.druid.pool.DruidStatementConnection@498bace7] will not be managed by Spring
==>  Preparing: SELECT id,conversation_id,user_id,joined_at,deleted FROM chat_conversation_member WHERE deleted=0 AND (user_id = ?)
==> Parameters: 5(Long)
<==      Total: 0
Closing non transactional SqlSession [org.apache.ibatis.session.defaults.DefaultSqlSession@5336406d]
Creating a new SqlSession
SqlSession [org.apache.ibatis.session.defaults.DefaultSqlSession@44193dcb] was not registered for synchronization because synchronization is not active
JDBC Connection [com.alibaba.druid.pool.DruidStatementConnection@498bace7] will not be managed by Spring
==>  Preparing: INSERT INTO sys_log ( user_id, username, role, operation, method, params, ip, create_time ) VALUES ( ?, ?, ?, ?, ?, ?, ?, ? )
==> Parameters: 5(Long), chx(String), COACH(String), 查询系统(String), GET ChatController.getConversationsByType(..)(String), [5,"GROUP"](String), 0:0:0:0:0:0:0:1(String), 2026-06-18T21:13:36.296478800(LocalDateTime)
<==    Updates: 1
Closing non transactional SqlSession [org.apache.ibatis.session.defaults.DefaultSqlSession@44193dcb]
